// Jest Snapshot v1, https://goo.gl/fbAQLP

exports[`<Navbar /> should render the navbar 1`] = `
<div>
  <header
    class="sc-dkPtRN ldwmxs"
  >
    <a
      class="sc-gsDKAQ fRiYqQ"
      href="/"
    >
      CryptoApp
    </a>
  </header>
  <div
    class="PrivateSwipeArea-root css-x15wq9"
    style="width: 20px;"
  />
</div>
`;
